
timestep 	0.25

label setuploop
variable dz equal ceil(($(zhi)-$(zlo))/16) #16 groups max to prevent going over 36 total
variable dz equal ceil((28.523097350159201113-$(zlo))/16) 
variable dz equal ceil((28.523097350159201113--4.01106056486613749)/16) 
if "${dz}<5" then "variable dz equal 5" # minimum lat_a
variable dz equal 5
variable zbottom equal ceil(${bottom}*${lat_a}/sqrt(2)) # for 001
variable zbottom equal ceil(-1.125*${lat_a}/sqrt(2)) 
variable zbottom equal ceil(-1.125*3.5653871687699/sqrt(2)) 
# variable zbottom equal ceil(${bottom}*${lat_a}*sqrt(3)) # for 111
variable zbottom0 equal $(v_zbottom)
variable zbottom0 equal -2
# =============================== begin thermostat setting loop ==========
label set_loop_start
if "${zbottom} < 0" then "variable zname string _$(abs(v_zbottom))" else "variable zname string $(abs(v_zbottom))"
variable zname string _$(abs(v_zbottom))
variable zname string _2
# set thermostats
variable ztop equal ${zbottom}+${dz}
variable ztop equal -2+${dz}
variable ztop equal -2+5
region r${zname} block INF INF INF INF ${zbottom} ${ztop} units box
region r_2 block INF INF INF INF ${zbottom} ${ztop} units box
region r_2 block INF INF INF INF -2 ${ztop} units box
region r_2 block INF INF INF INF -2 3 units box
group temp region r${zname}
group temp region r_2
384 atoms in group temp
group g${zname} subtract temp anchor
group g_2 subtract temp anchor
384 atoms in group g_2
group temp delete
region r${zname} delete # we don't need the region anymore
region r_2 delete 
variable nregion equal count(g${zname})
variable nregion equal count(g_2)
# while there are atoms in the group set thermostat and loop again
if "${nregion}!=0" then "fix		    t${zname} g${zname} temp/berendsen $T $T $(250*dt)" "variable zbottom equal ${ztop}" "jump SELF set_loop_start"
fix		    t${zname} g${zname} temp/berendsen $T $T $(250*dt)
fix		    t_2 g${zname} temp/berendsen $T $T $(250*dt)
fix		    t_2 g_2 temp/berendsen $T $T $(250*dt)
fix		    t_2 g_2 temp/berendsen 300 $T $(250*dt)
fix		    t_2 g_2 temp/berendsen 300 300 $(250*dt)
fix		    t_2 g_2 temp/berendsen 300 300 62.5
variable zbottom equal ${ztop}
variable zbottom equal 3
jump SELF set_loop_start
if "${zbottom} < 0" then "variable zname string _$(abs(v_zbottom))" else "variable zname string $(abs(v_zbottom))"
variable zname string $(abs(v_zbottom))
variable zname string 3
# set thermostats
variable ztop equal ${zbottom}+${dz}
variable ztop equal 3+${dz}
variable ztop equal 3+5
region r${zname} block INF INF INF INF ${zbottom} ${ztop} units box
region r3 block INF INF INF INF ${zbottom} ${ztop} units box
region r3 block INF INF INF INF 3 ${ztop} units box
region r3 block INF INF INF INF 3 8 units box
group temp region r${zname}
group temp region r3
321 atoms in group temp
group g${zname} subtract temp anchor
group g3 subtract temp anchor
321 atoms in group g3
group temp delete
region r${zname} delete # we don't need the region anymore
region r3 delete 
variable nregion equal count(g${zname})
variable nregion equal count(g3)
# while there are atoms in the group set thermostat and loop again
if "${nregion}!=0" then "fix		    t${zname} g${zname} temp/berendsen $T $T $(250*dt)" "variable zbottom equal ${ztop}" "jump SELF set_loop_start"
fix		    t${zname} g${zname} temp/berendsen $T $T $(250*dt)
fix		    t3 g${zname} temp/berendsen $T $T $(250*dt)
fix		    t3 g3 temp/berendsen $T $T $(250*dt)
fix		    t3 g3 temp/berendsen 300 $T $(250*dt)
fix		    t3 g3 temp/berendsen 300 300 $(250*dt)
fix		    t3 g3 temp/berendsen 300 300 62.5
variable zbottom equal ${ztop}
variable zbottom equal 8
jump SELF set_loop_start
if "${zbottom} < 0" then "variable zname string _$(abs(v_zbottom))" else "variable zname string $(abs(v_zbottom))"
variable zname string $(abs(v_zbottom))
variable zname string 8
# set thermostats
variable ztop equal ${zbottom}+${dz}
variable ztop equal 8+${dz}
variable ztop equal 8+5
region r${zname} block INF INF INF INF ${zbottom} ${ztop} units box
region r8 block INF INF INF INF ${zbottom} ${ztop} units box
region r8 block INF INF INF INF 8 ${ztop} units box
region r8 block INF INF INF INF 8 13 units box
group temp region r${zname}
group temp region r8
268 atoms in group temp
group g${zname} subtract temp anchor
group g8 subtract temp anchor
268 atoms in group g8
group temp delete
region r${zname} delete # we don't need the region anymore
region r8 delete 
variable nregion equal count(g${zname})
variable nregion equal count(g8)
# while there are atoms in the group set thermostat and loop again
if "${nregion}!=0" then "fix		    t${zname} g${zname} temp/berendsen $T $T $(250*dt)" "variable zbottom equal ${ztop}" "jump SELF set_loop_start"
fix		    t${zname} g${zname} temp/berendsen $T $T $(250*dt)
fix		    t8 g${zname} temp/berendsen $T $T $(250*dt)
fix		    t8 g8 temp/berendsen $T $T $(250*dt)
fix		    t8 g8 temp/berendsen 300 $T $(250*dt)
fix		    t8 g8 temp/berendsen 300 300 $(250*dt)
fix		    t8 g8 temp/berendsen 300 300 62.5
variable zbottom equal ${ztop}
variable zbottom equal 13
jump SELF set_loop_start
if "${zbottom} < 0" then "variable zname string _$(abs(v_zbottom))" else "variable zname string $(abs(v_zbottom))"
variable zname string $(abs(v_zbottom))
variable zname string 13
# set thermostats
variable ztop equal ${zbottom}+${dz}
variable ztop equal 13+${dz}
variable ztop equal 13+5
region r${zname} block INF INF INF INF ${zbottom} ${ztop} units box
region r13 block INF INF INF INF ${zbottom} ${ztop} units box
region r13 block INF INF INF INF 13 ${ztop} units box
region r13 block INF INF INF INF 13 18 units box
group temp region r${zname}
group temp region r13
5 atoms in group temp
group g${zname} subtract temp anchor
group g13 subtract temp anchor
5 atoms in group g13
group temp delete
region r${zname} delete # we don't need the region anymore
region r13 delete 
variable nregion equal count(g${zname})
variable nregion equal count(g13)
# while there are atoms in the group set thermostat and loop again
if "${nregion}!=0" then "fix		    t${zname} g${zname} temp/berendsen $T $T $(250*dt)" "variable zbottom equal ${ztop}" "jump SELF set_loop_start"
fix		    t${zname} g${zname} temp/berendsen $T $T $(250*dt)
fix		    t13 g${zname} temp/berendsen $T $T $(250*dt)
fix		    t13 g13 temp/berendsen $T $T $(250*dt)
fix		    t13 g13 temp/berendsen 300 $T $(250*dt)
fix		    t13 g13 temp/berendsen 300 300 $(250*dt)
fix		    t13 g13 temp/berendsen 300 300 62.5
variable zbottom equal ${ztop}
variable zbottom equal 18
jump SELF set_loop_start
if "${zbottom} < 0" then "variable zname string _$(abs(v_zbottom))" else "variable zname string $(abs(v_zbottom))"
variable zname string $(abs(v_zbottom))
variable zname string 18
# set thermostats
variable ztop equal ${zbottom}+${dz}
variable ztop equal 18+${dz}
variable ztop equal 18+5
region r${zname} block INF INF INF INF ${zbottom} ${ztop} units box
region r18 block INF INF INF INF ${zbottom} ${ztop} units box
region r18 block INF INF INF INF 18 ${ztop} units box
region r18 block INF INF INF INF 18 23 units box
group temp region r${zname}
group temp region r18
0 atoms in group temp
group g${zname} subtract temp anchor
group g18 subtract temp anchor
0 atoms in group g18
group temp delete
region r${zname} delete # we don't need the region anymore
region r18 delete 
variable nregion equal count(g${zname})
variable nregion equal count(g18)
# while there are atoms in the group set thermostat and loop again
if "${nregion}!=0" then "fix		    t${zname} g${zname} temp/berendsen $T $T $(250*dt)" "variable zbottom equal ${ztop}" "jump SELF set_loop_start"
# note thermostat damping is 250x the timestep, 10% of the thermostat time
# ================================= end thermostat setting loop ==========

# unset empty group and region
variable zbottom_final equal ${zbottom}
variable zbottom_final equal 18
group g${zname} delete
group g18 delete

# run thermostats
log ${log_file} append # ok log this part
log log2.lammps append 
