
timestep 	0.25

label setuploop
variable dz equal ceil(($(zhi)-$(zlo))/16) #16 groups max to prevent going over 36 total
variable dz equal ceil((100.80583343902436866-$(zlo))/16) 
variable dz equal ceil((100.80583343902436866--0.0053769839273045188718)/16) 
if "${dz}<5" then "variable dz equal 5" # minimum lat_a
variable zbottom equal ceil(${bottom}*${lat_a}/sqrt(2)) # for 001
variable zbottom equal ceil(7*${lat_a}/sqrt(2)) 
variable zbottom equal ceil(7*1.4142136/sqrt(2)) 
# variable zbottom equal ceil(${bottom}*${lat_a}*sqrt(3)) # for 111
variable zbottom0 equal $(v_zbottom)
variable zbottom0 equal 8
# =============================== begin thermostat setting loop ==========
label set_loop_start
if "${zbottom} < 0" then "variable zname string _$(abs(v_zbottom))" else "variable zname string $(abs(v_zbottom))"
variable zname string $(abs(v_zbottom))
variable zname string 8
# set thermostats
variable ztop equal ${zbottom}+${dz}
variable ztop equal 8+${dz}
variable ztop equal 8+7
region r${zname} block INF INF INF INF ${zbottom} ${ztop} units box
region r8 block INF INF INF INF ${zbottom} ${ztop} units box
region r8 block INF INF INF INF 8 ${ztop} units box
region r8 block INF INF INF INF 8 15 units box
group temp region r${zname}
group temp region r8
669 atoms in group temp
group g${zname} subtract temp anchor
group g8 subtract temp anchor
669 atoms in group g8
group temp delete
region r${zname} delete # we don't need the region anymore
region r8 delete 
variable nregion equal count(g${zname})
variable nregion equal count(g8)
# while there are atoms in the group set thermostat and loop again
if "${nregion}!=0" then "fix		    t${zname} g${zname} temp/berendsen $T $T $(250*dt)" "variable zbottom equal ${ztop}" "jump SELF set_loop_start"
fix		    t${zname} g${zname} temp/berendsen $T $T $(250*dt)
fix		    t8 g${zname} temp/berendsen $T $T $(250*dt)
fix		    t8 g8 temp/berendsen $T $T $(250*dt)
fix		    t8 g8 temp/berendsen 300 $T $(250*dt)
fix		    t8 g8 temp/berendsen 300 300 $(250*dt)
fix		    t8 g8 temp/berendsen 300 300 62.5
variable zbottom equal ${ztop}
variable zbottom equal 15
jump SELF set_loop_start
if "${zbottom} < 0" then "variable zname string _$(abs(v_zbottom))" else "variable zname string $(abs(v_zbottom))"
variable zname string $(abs(v_zbottom))
variable zname string 15
# set thermostats
variable ztop equal ${zbottom}+${dz}
variable ztop equal 15+${dz}
variable ztop equal 15+7
region r${zname} block INF INF INF INF ${zbottom} ${ztop} units box
region r15 block INF INF INF INF ${zbottom} ${ztop} units box
region r15 block INF INF INF INF 15 ${ztop} units box
region r15 block INF INF INF INF 15 22 units box
group temp region r${zname}
group temp region r15
617 atoms in group temp
group g${zname} subtract temp anchor
group g15 subtract temp anchor
617 atoms in group g15
group temp delete
region r${zname} delete # we don't need the region anymore
region r15 delete 
variable nregion equal count(g${zname})
variable nregion equal count(g15)
# while there are atoms in the group set thermostat and loop again
if "${nregion}!=0" then "fix		    t${zname} g${zname} temp/berendsen $T $T $(250*dt)" "variable zbottom equal ${ztop}" "jump SELF set_loop_start"
fix		    t${zname} g${zname} temp/berendsen $T $T $(250*dt)
fix		    t15 g${zname} temp/berendsen $T $T $(250*dt)
fix		    t15 g15 temp/berendsen $T $T $(250*dt)
fix		    t15 g15 temp/berendsen 300 $T $(250*dt)
fix		    t15 g15 temp/berendsen 300 300 $(250*dt)
fix		    t15 g15 temp/berendsen 300 300 62.5
variable zbottom equal ${ztop}
variable zbottom equal 22
jump SELF set_loop_start
if "${zbottom} < 0" then "variable zname string _$(abs(v_zbottom))" else "variable zname string $(abs(v_zbottom))"
variable zname string $(abs(v_zbottom))
variable zname string 22
# set thermostats
variable ztop equal ${zbottom}+${dz}
variable ztop equal 22+${dz}
variable ztop equal 22+7
region r${zname} block INF INF INF INF ${zbottom} ${ztop} units box
region r22 block INF INF INF INF ${zbottom} ${ztop} units box
region r22 block INF INF INF INF 22 ${ztop} units box
region r22 block INF INF INF INF 22 29 units box
group temp region r${zname}
group temp region r22
458 atoms in group temp
group g${zname} subtract temp anchor
group g22 subtract temp anchor
458 atoms in group g22
group temp delete
region r${zname} delete # we don't need the region anymore
region r22 delete 
variable nregion equal count(g${zname})
variable nregion equal count(g22)
# while there are atoms in the group set thermostat and loop again
if "${nregion}!=0" then "fix		    t${zname} g${zname} temp/berendsen $T $T $(250*dt)" "variable zbottom equal ${ztop}" "jump SELF set_loop_start"
fix		    t${zname} g${zname} temp/berendsen $T $T $(250*dt)
fix		    t22 g${zname} temp/berendsen $T $T $(250*dt)
fix		    t22 g22 temp/berendsen $T $T $(250*dt)
fix		    t22 g22 temp/berendsen 300 $T $(250*dt)
fix		    t22 g22 temp/berendsen 300 300 $(250*dt)
fix		    t22 g22 temp/berendsen 300 300 62.5
variable zbottom equal ${ztop}
variable zbottom equal 29
jump SELF set_loop_start
if "${zbottom} < 0" then "variable zname string _$(abs(v_zbottom))" else "variable zname string $(abs(v_zbottom))"
variable zname string $(abs(v_zbottom))
variable zname string 29
# set thermostats
variable ztop equal ${zbottom}+${dz}
variable ztop equal 29+${dz}
variable ztop equal 29+7
region r${zname} block INF INF INF INF ${zbottom} ${ztop} units box
region r29 block INF INF INF INF ${zbottom} ${ztop} units box
region r29 block INF INF INF INF 29 ${ztop} units box
region r29 block INF INF INF INF 29 36 units box
group temp region r${zname}
group temp region r29
133 atoms in group temp
group g${zname} subtract temp anchor
group g29 subtract temp anchor
133 atoms in group g29
group temp delete
region r${zname} delete # we don't need the region anymore
region r29 delete 
variable nregion equal count(g${zname})
variable nregion equal count(g29)
# while there are atoms in the group set thermostat and loop again
if "${nregion}!=0" then "fix		    t${zname} g${zname} temp/berendsen $T $T $(250*dt)" "variable zbottom equal ${ztop}" "jump SELF set_loop_start"
fix		    t${zname} g${zname} temp/berendsen $T $T $(250*dt)
fix		    t29 g${zname} temp/berendsen $T $T $(250*dt)
fix		    t29 g29 temp/berendsen $T $T $(250*dt)
fix		    t29 g29 temp/berendsen 300 $T $(250*dt)
fix		    t29 g29 temp/berendsen 300 300 $(250*dt)
fix		    t29 g29 temp/berendsen 300 300 62.5
variable zbottom equal ${ztop}
variable zbottom equal 36
jump SELF set_loop_start
if "${zbottom} < 0" then "variable zname string _$(abs(v_zbottom))" else "variable zname string $(abs(v_zbottom))"
variable zname string $(abs(v_zbottom))
variable zname string 36
# set thermostats
variable ztop equal ${zbottom}+${dz}
variable ztop equal 36+${dz}
variable ztop equal 36+7
region r${zname} block INF INF INF INF ${zbottom} ${ztop} units box
region r36 block INF INF INF INF ${zbottom} ${ztop} units box
region r36 block INF INF INF INF 36 ${ztop} units box
region r36 block INF INF INF INF 36 43 units box
group temp region r${zname}
group temp region r36
6 atoms in group temp
group g${zname} subtract temp anchor
group g36 subtract temp anchor
6 atoms in group g36
group temp delete
region r${zname} delete # we don't need the region anymore
region r36 delete 
variable nregion equal count(g${zname})
variable nregion equal count(g36)
# while there are atoms in the group set thermostat and loop again
if "${nregion}!=0" then "fix		    t${zname} g${zname} temp/berendsen $T $T $(250*dt)" "variable zbottom equal ${ztop}" "jump SELF set_loop_start"
fix		    t${zname} g${zname} temp/berendsen $T $T $(250*dt)
fix		    t36 g${zname} temp/berendsen $T $T $(250*dt)
fix		    t36 g36 temp/berendsen $T $T $(250*dt)
fix		    t36 g36 temp/berendsen 300 $T $(250*dt)
fix		    t36 g36 temp/berendsen 300 300 $(250*dt)
fix		    t36 g36 temp/berendsen 300 300 62.5
variable zbottom equal ${ztop}
variable zbottom equal 43
jump SELF set_loop_start
if "${zbottom} < 0" then "variable zname string _$(abs(v_zbottom))" else "variable zname string $(abs(v_zbottom))"
variable zname string $(abs(v_zbottom))
variable zname string 43
# set thermostats
variable ztop equal ${zbottom}+${dz}
variable ztop equal 43+${dz}
variable ztop equal 43+7
region r${zname} block INF INF INF INF ${zbottom} ${ztop} units box
region r43 block INF INF INF INF ${zbottom} ${ztop} units box
region r43 block INF INF INF INF 43 ${ztop} units box
region r43 block INF INF INF INF 43 50 units box
group temp region r${zname}
group temp region r43
0 atoms in group temp
group g${zname} subtract temp anchor
group g43 subtract temp anchor
0 atoms in group g43
group temp delete
region r${zname} delete # we don't need the region anymore
region r43 delete 
variable nregion equal count(g${zname})
variable nregion equal count(g43)
# while there are atoms in the group set thermostat and loop again
if "${nregion}!=0" then "fix		    t${zname} g${zname} temp/berendsen $T $T $(250*dt)" "variable zbottom equal ${ztop}" "jump SELF set_loop_start"
# note thermostat damping is 250x the timestep, 10% of the thermostat time
# ================================= end thermostat setting loop ==========

# unset empty group and region
variable zbottom_final equal ${zbottom}
variable zbottom_final equal 43
group g${zname} delete
group g43 delete

# run thermostats
log ${log_file} append # ok log this part
log log8.lammps append 

variable zbottom equal ${zbottom0}
variable zbottom equal 8
# =============================== begin thermostat UNsetting loop ========
label unset_loop_start
if "${zbottom} < 0" then "variable zname string _$(abs(v_zbottom))" else "variable zname string $(abs(v_zbottom))"
variable zname string $(abs(v_zbottom))
variable zname string 8
unfix t${zname}
unfix t8
group g${zname} delete
group g8 delete
variable zbottom equal ${zbottom}+${dz}
variable zbottom equal 8+${dz}
variable zbottom equal 8+7
if "${zbottom}!=${zbottom_final}" then "jump SELF unset_loop_start"
jump SELF unset_loop_start
if "${zbottom} < 0" then "variable zname string _$(abs(v_zbottom))" else "variable zname string $(abs(v_zbottom))"
variable zname string $(abs(v_zbottom))
variable zname string 15
unfix t${zname}
unfix t15
group g${zname} delete
group g15 delete
variable zbottom equal ${zbottom}+${dz}
variable zbottom equal 15+${dz}
variable zbottom equal 15+7
if "${zbottom}!=${zbottom_final}" then "jump SELF unset_loop_start"
jump SELF unset_loop_start
if "${zbottom} < 0" then "variable zname string _$(abs(v_zbottom))" else "variable zname string $(abs(v_zbottom))"
variable zname string $(abs(v_zbottom))
variable zname string 22
unfix t${zname}
unfix t22
group g${zname} delete
group g22 delete
variable zbottom equal ${zbottom}+${dz}
variable zbottom equal 22+${dz}
variable zbottom equal 22+7
if "${zbottom}!=${zbottom_final}" then "jump SELF unset_loop_start"
jump SELF unset_loop_start
if "${zbottom} < 0" then "variable zname string _$(abs(v_zbottom))" else "variable zname string $(abs(v_zbottom))"
variable zname string $(abs(v_zbottom))
variable zname string 29
unfix t${zname}
unfix t29
group g${zname} delete
group g29 delete
variable zbottom equal ${zbottom}+${dz}
variable zbottom equal 29+${dz}
variable zbottom equal 29+7
if "${zbottom}!=${zbottom_final}" then "jump SELF unset_loop_start"
jump SELF unset_loop_start
if "${zbottom} < 0" then "variable zname string _$(abs(v_zbottom))" else "variable zname string $(abs(v_zbottom))"
variable zname string $(abs(v_zbottom))
variable zname string 36
unfix t${zname}
unfix t36
group g${zname} delete
group g36 delete
variable zbottom equal ${zbottom}+${dz}
variable zbottom equal 36+${dz}
variable zbottom equal 36+7
if "${zbottom}!=${zbottom_final}" then "jump SELF unset_loop_start"
# ================================= end UNthermostat setting loop ========
log ${log_file} append
log log8.lammps append
