
timestep 	0.25

label setuploop
variable dz equal ceil(($(zhi)-$(zlo))/16) #16 groups max to prevent going over 36 total
variable dz equal ceil((74.447952872211089925-$(zlo))/16) 
variable dz equal ceil((74.447952872211089925--5.7937541492510877816)/16) 
if "${dz}<5" then "variable dz equal 5" # minimum lat_a
variable zbottom equal ceil(${bottom}*${lat_a}/sqrt(2)) # for 001
variable zbottom equal ceil(-1.625*${lat_a}/sqrt(2)) 
variable zbottom equal ceil(-1.625*3.5653871687699/sqrt(2)) 
# variable zbottom equal ceil(${bottom}*${lat_a}*sqrt(3)) # for 111
variable zbottom0 equal $(v_zbottom)
variable zbottom0 equal -4
# =============================== begin thermostat setting loop ==========
label set_loop_start
if "${zbottom} < 0" then "variable zname string _$(abs(v_zbottom))" else "variable zname string $(abs(v_zbottom))"
variable zname string _$(abs(v_zbottom))
variable zname string _4
# set thermostats
variable ztop equal ${zbottom}+${dz}
variable ztop equal -4+${dz}
variable ztop equal -4+6
region r${zname} block INF INF INF INF ${zbottom} ${ztop} units box
region r_4 block INF INF INF INF ${zbottom} ${ztop} units box
region r_4 block INF INF INF INF -4 ${ztop} units box
region r_4 block INF INF INF INF -4 2 units box
group temp_rgn region r${zname}
group temp_rgn region r_4
448 atoms in group temp_rgn
group temp_c intersect temp_rgn carbon
448 atoms in group temp_c
group g${zname} subtract temp_c anchor
group g_4 subtract temp_c anchor
448 atoms in group g_4
group temp_c delete
group temp_rgn delete
region r${zname} delete
region r_4 delete
variable nregion equal count(g${zname})
variable nregion equal count(g_4)
# while there are atoms in the group set thermostat and loop again
if "${nregion}!=0" then "fix		    t${zname} g${zname} temp/berendsen $T $T $(250*dt)" "variable zbottom equal ${ztop}" "jump SELF set_loop_start"
fix		    t${zname} g${zname} temp/berendsen $T $T $(250*dt)
fix		    t_4 g${zname} temp/berendsen $T $T $(250*dt)
fix		    t_4 g_4 temp/berendsen $T $T $(250*dt)
fix		    t_4 g_4 temp/berendsen 300 $T $(250*dt)
fix		    t_4 g_4 temp/berendsen 300 300 $(250*dt)
fix		    t_4 g_4 temp/berendsen 300 300 62.5
variable zbottom equal ${ztop}
variable zbottom equal 2
jump SELF set_loop_start
if "${zbottom} < 0" then "variable zname string _$(abs(v_zbottom))" else "variable zname string $(abs(v_zbottom))"
variable zname string $(abs(v_zbottom))
variable zname string 2
# set thermostats
variable ztop equal ${zbottom}+${dz}
variable ztop equal 2+${dz}
variable ztop equal 2+6
region r${zname} block INF INF INF INF ${zbottom} ${ztop} units box
region r2 block INF INF INF INF ${zbottom} ${ztop} units box
region r2 block INF INF INF INF 2 ${ztop} units box
region r2 block INF INF INF INF 2 8 units box
group temp_rgn region r${zname}
group temp_rgn region r2
393 atoms in group temp_rgn
group temp_c intersect temp_rgn carbon
393 atoms in group temp_c
group g${zname} subtract temp_c anchor
group g2 subtract temp_c anchor
393 atoms in group g2
group temp_c delete
group temp_rgn delete
region r${zname} delete
region r2 delete
variable nregion equal count(g${zname})
variable nregion equal count(g2)
# while there are atoms in the group set thermostat and loop again
if "${nregion}!=0" then "fix		    t${zname} g${zname} temp/berendsen $T $T $(250*dt)" "variable zbottom equal ${ztop}" "jump SELF set_loop_start"
fix		    t${zname} g${zname} temp/berendsen $T $T $(250*dt)
fix		    t2 g${zname} temp/berendsen $T $T $(250*dt)
fix		    t2 g2 temp/berendsen $T $T $(250*dt)
fix		    t2 g2 temp/berendsen 300 $T $(250*dt)
fix		    t2 g2 temp/berendsen 300 300 $(250*dt)
fix		    t2 g2 temp/berendsen 300 300 62.5
variable zbottom equal ${ztop}
variable zbottom equal 8
jump SELF set_loop_start
if "${zbottom} < 0" then "variable zname string _$(abs(v_zbottom))" else "variable zname string $(abs(v_zbottom))"
variable zname string $(abs(v_zbottom))
variable zname string 8
# set thermostats
variable ztop equal ${zbottom}+${dz}
variable ztop equal 8+${dz}
variable ztop equal 8+6
region r${zname} block INF INF INF INF ${zbottom} ${ztop} units box
region r8 block INF INF INF INF ${zbottom} ${ztop} units box
region r8 block INF INF INF INF 8 ${ztop} units box
region r8 block INF INF INF INF 8 14 units box
group temp_rgn region r${zname}
group temp_rgn region r8
419 atoms in group temp_rgn
group temp_c intersect temp_rgn carbon
413 atoms in group temp_c
group g${zname} subtract temp_c anchor
group g8 subtract temp_c anchor
413 atoms in group g8
group temp_c delete
group temp_rgn delete
region r${zname} delete
region r8 delete
variable nregion equal count(g${zname})
variable nregion equal count(g8)
# while there are atoms in the group set thermostat and loop again
if "${nregion}!=0" then "fix		    t${zname} g${zname} temp/berendsen $T $T $(250*dt)" "variable zbottom equal ${ztop}" "jump SELF set_loop_start"
fix		    t${zname} g${zname} temp/berendsen $T $T $(250*dt)
fix		    t8 g${zname} temp/berendsen $T $T $(250*dt)
fix		    t8 g8 temp/berendsen $T $T $(250*dt)
fix		    t8 g8 temp/berendsen 300 $T $(250*dt)
fix		    t8 g8 temp/berendsen 300 300 $(250*dt)
fix		    t8 g8 temp/berendsen 300 300 62.5
variable zbottom equal ${ztop}
variable zbottom equal 14
jump SELF set_loop_start
if "${zbottom} < 0" then "variable zname string _$(abs(v_zbottom))" else "variable zname string $(abs(v_zbottom))"
variable zname string $(abs(v_zbottom))
variable zname string 14
# set thermostats
variable ztop equal ${zbottom}+${dz}
variable ztop equal 14+${dz}
variable ztop equal 14+6
region r${zname} block INF INF INF INF ${zbottom} ${ztop} units box
region r14 block INF INF INF INF ${zbottom} ${ztop} units box
region r14 block INF INF INF INF 14 ${ztop} units box
region r14 block INF INF INF INF 14 20 units box
group temp_rgn region r${zname}
group temp_rgn region r14
273 atoms in group temp_rgn
group temp_c intersect temp_rgn carbon
257 atoms in group temp_c
group g${zname} subtract temp_c anchor
group g14 subtract temp_c anchor
257 atoms in group g14
group temp_c delete
group temp_rgn delete
region r${zname} delete
region r14 delete
variable nregion equal count(g${zname})
variable nregion equal count(g14)
# while there are atoms in the group set thermostat and loop again
if "${nregion}!=0" then "fix		    t${zname} g${zname} temp/berendsen $T $T $(250*dt)" "variable zbottom equal ${ztop}" "jump SELF set_loop_start"
fix		    t${zname} g${zname} temp/berendsen $T $T $(250*dt)
fix		    t14 g${zname} temp/berendsen $T $T $(250*dt)
fix		    t14 g14 temp/berendsen $T $T $(250*dt)
fix		    t14 g14 temp/berendsen 300 $T $(250*dt)
fix		    t14 g14 temp/berendsen 300 300 $(250*dt)
fix		    t14 g14 temp/berendsen 300 300 62.5
variable zbottom equal ${ztop}
variable zbottom equal 20
jump SELF set_loop_start
if "${zbottom} < 0" then "variable zname string _$(abs(v_zbottom))" else "variable zname string $(abs(v_zbottom))"
variable zname string $(abs(v_zbottom))
variable zname string 20
# set thermostats
variable ztop equal ${zbottom}+${dz}
variable ztop equal 20+${dz}
variable ztop equal 20+6
region r${zname} block INF INF INF INF ${zbottom} ${ztop} units box
region r20 block INF INF INF INF ${zbottom} ${ztop} units box
region r20 block INF INF INF INF 20 ${ztop} units box
region r20 block INF INF INF INF 20 26 units box
group temp_rgn region r${zname}
group temp_rgn region r20
140 atoms in group temp_rgn
group temp_c intersect temp_rgn carbon
125 atoms in group temp_c
group g${zname} subtract temp_c anchor
group g20 subtract temp_c anchor
125 atoms in group g20
group temp_c delete
group temp_rgn delete
region r${zname} delete
region r20 delete
variable nregion equal count(g${zname})
variable nregion equal count(g20)
# while there are atoms in the group set thermostat and loop again
if "${nregion}!=0" then "fix		    t${zname} g${zname} temp/berendsen $T $T $(250*dt)" "variable zbottom equal ${ztop}" "jump SELF set_loop_start"
fix		    t${zname} g${zname} temp/berendsen $T $T $(250*dt)
fix		    t20 g${zname} temp/berendsen $T $T $(250*dt)
fix		    t20 g20 temp/berendsen $T $T $(250*dt)
fix		    t20 g20 temp/berendsen 300 $T $(250*dt)
fix		    t20 g20 temp/berendsen 300 300 $(250*dt)
fix		    t20 g20 temp/berendsen 300 300 62.5
variable zbottom equal ${ztop}
variable zbottom equal 26
jump SELF set_loop_start
if "${zbottom} < 0" then "variable zname string _$(abs(v_zbottom))" else "variable zname string $(abs(v_zbottom))"
variable zname string $(abs(v_zbottom))
variable zname string 26
# set thermostats
variable ztop equal ${zbottom}+${dz}
variable ztop equal 26+${dz}
variable ztop equal 26+6
region r${zname} block INF INF INF INF ${zbottom} ${ztop} units box
region r26 block INF INF INF INF ${zbottom} ${ztop} units box
region r26 block INF INF INF INF 26 ${ztop} units box
region r26 block INF INF INF INF 26 32 units box
group temp_rgn region r${zname}
group temp_rgn region r26
31 atoms in group temp_rgn
group temp_c intersect temp_rgn carbon
18 atoms in group temp_c
group g${zname} subtract temp_c anchor
group g26 subtract temp_c anchor
18 atoms in group g26
group temp_c delete
group temp_rgn delete
region r${zname} delete
region r26 delete
variable nregion equal count(g${zname})
variable nregion equal count(g26)
# while there are atoms in the group set thermostat and loop again
if "${nregion}!=0" then "fix		    t${zname} g${zname} temp/berendsen $T $T $(250*dt)" "variable zbottom equal ${ztop}" "jump SELF set_loop_start"
fix		    t${zname} g${zname} temp/berendsen $T $T $(250*dt)
fix		    t26 g${zname} temp/berendsen $T $T $(250*dt)
fix		    t26 g26 temp/berendsen $T $T $(250*dt)
fix		    t26 g26 temp/berendsen 300 $T $(250*dt)
fix		    t26 g26 temp/berendsen 300 300 $(250*dt)
fix		    t26 g26 temp/berendsen 300 300 62.5
variable zbottom equal ${ztop}
variable zbottom equal 32
jump SELF set_loop_start
if "${zbottom} < 0" then "variable zname string _$(abs(v_zbottom))" else "variable zname string $(abs(v_zbottom))"
variable zname string $(abs(v_zbottom))
variable zname string 32
# set thermostats
variable ztop equal ${zbottom}+${dz}
variable ztop equal 32+${dz}
variable ztop equal 32+6
region r${zname} block INF INF INF INF ${zbottom} ${ztop} units box
region r32 block INF INF INF INF ${zbottom} ${ztop} units box
region r32 block INF INF INF INF 32 ${ztop} units box
region r32 block INF INF INF INF 32 38 units box
group temp_rgn region r${zname}
group temp_rgn region r32
0 atoms in group temp_rgn
group temp_c intersect temp_rgn carbon
0 atoms in group temp_c
group g${zname} subtract temp_c anchor
group g32 subtract temp_c anchor
0 atoms in group g32
group temp_c delete
group temp_rgn delete
region r${zname} delete
region r32 delete
variable nregion equal count(g${zname})
variable nregion equal count(g32)
# while there are atoms in the group set thermostat and loop again
if "${nregion}!=0" then "fix		    t${zname} g${zname} temp/berendsen $T $T $(250*dt)" "variable zbottom equal ${ztop}" "jump SELF set_loop_start"
# note thermostat damping is 250x the timestep, 10% of the thermostat time
# ================================= end thermostat setting loop ==========

# unset empty group and region
variable zbottom_final equal ${zbottom}
variable zbottom_final equal 32
group g${zname} delete
group g32 delete

# run thermostats
log ${log_file} append # ok log this part
log log7.lammps append 

variable zbottom equal ${zbottom0}
variable zbottom equal -4
# =============================== begin thermostat UNsetting loop ========
label unset_loop_start
if "${zbottom} < 0" then "variable zname string _$(abs(v_zbottom))" else "variable zname string $(abs(v_zbottom))"
variable zname string _$(abs(v_zbottom))
variable zname string _4
unfix t${zname}
unfix t_4
group g${zname} delete
group g_4 delete
variable zbottom equal ${zbottom}+${dz}
variable zbottom equal -4+${dz}
variable zbottom equal -4+6
if "${zbottom}!=${zbottom_final}" then "jump SELF unset_loop_start"
jump SELF unset_loop_start
if "${zbottom} < 0" then "variable zname string _$(abs(v_zbottom))" else "variable zname string $(abs(v_zbottom))"
variable zname string $(abs(v_zbottom))
variable zname string 2
unfix t${zname}
unfix t2
group g${zname} delete
group g2 delete
variable zbottom equal ${zbottom}+${dz}
variable zbottom equal 2+${dz}
variable zbottom equal 2+6
if "${zbottom}!=${zbottom_final}" then "jump SELF unset_loop_start"
jump SELF unset_loop_start
if "${zbottom} < 0" then "variable zname string _$(abs(v_zbottom))" else "variable zname string $(abs(v_zbottom))"
variable zname string $(abs(v_zbottom))
variable zname string 8
unfix t${zname}
unfix t8
group g${zname} delete
group g8 delete
variable zbottom equal ${zbottom}+${dz}
variable zbottom equal 8+${dz}
variable zbottom equal 8+6
if "${zbottom}!=${zbottom_final}" then "jump SELF unset_loop_start"
jump SELF unset_loop_start
if "${zbottom} < 0" then "variable zname string _$(abs(v_zbottom))" else "variable zname string $(abs(v_zbottom))"
variable zname string $(abs(v_zbottom))
variable zname string 14
unfix t${zname}
unfix t14
group g${zname} delete
group g14 delete
variable zbottom equal ${zbottom}+${dz}
variable zbottom equal 14+${dz}
variable zbottom equal 14+6
if "${zbottom}!=${zbottom_final}" then "jump SELF unset_loop_start"
jump SELF unset_loop_start
if "${zbottom} < 0" then "variable zname string _$(abs(v_zbottom))" else "variable zname string $(abs(v_zbottom))"
variable zname string $(abs(v_zbottom))
variable zname string 20
unfix t${zname}
unfix t20
group g${zname} delete
group g20 delete
variable zbottom equal ${zbottom}+${dz}
variable zbottom equal 20+${dz}
variable zbottom equal 20+6
if "${zbottom}!=${zbottom_final}" then "jump SELF unset_loop_start"
jump SELF unset_loop_start
if "${zbottom} < 0" then "variable zname string _$(abs(v_zbottom))" else "variable zname string $(abs(v_zbottom))"
variable zname string $(abs(v_zbottom))
variable zname string 26
unfix t${zname}
unfix t26
group g${zname} delete
group g26 delete
variable zbottom equal ${zbottom}+${dz}
variable zbottom equal 26+${dz}
variable zbottom equal 26+6
if "${zbottom}!=${zbottom_final}" then "jump SELF unset_loop_start"
# ================================= end UNthermostat setting loop ========
log ${log_file} append
log log7.lammps append
